---
source: nyne/src/config/tests.rs
assertion_line: 15
expression: config
---
passthrough_processes = ['git']

[repository]
storage_strategy = 'passthrough'

[sandbox]
hostname = 'nyne-sandbox'
bind_mounts = []
[sandbox.env]

[agent_files]
filenames = [
    'CLAUDE.md',
    'AGENTS.md',
]

[plugin]
