---
source: plugins/coding/src/syntax/tests.rs
expression: "decompose(\"ts\", \"export const API_URL = 'https://example.com';\\n\")"
---
[
    Fragment {
        name: "API_URL",
        kind: Symbol(
            Variable,
        ),
        byte_range: 0..45,
        signature: Some(
            "export const API_URL = 'https://example.com'",
        ),
        metadata: Code {
            visibility: Some(
                "export",
            ),
        },
        name_byte_offset: 0,
        children: [],
        parent_name: None,
        fs_name: None,
    },
]
