---
source: nyne-coding/src/syntax/tests.rs
expression: result.fragments
---
[
    Fragment {
        name: "Foo",
        kind: Symbol(
            Struct,
        ),
        byte_range: 0..30,
        full_span: 0..30,
        line_range: 0..3,
        signature: Some(
            "pub struct Foo",
        ),
        metadata: Code {
            visibility: Some(
                "pub",
            ),
            doc_comment_range: None,
            decorator_range: None,
        },
        name_byte_offset: 11,
        children: [],
        parent_name: None,
        fs_name: None,
    },
    Fragment {
        name: "Foo",
        kind: Symbol(
            Impl,
        ),
        byte_range: 32..99,
        full_span: 32..99,
        line_range: 4..9,
        signature: Some(
            "impl Foo",
        ),
        metadata: Code {
            visibility: None,
            doc_comment_range: None,
            decorator_range: None,
        },
        name_byte_offset: 32,
        children: [
            Fragment {
                name: "new",
                kind: Symbol(
                    Function,
                ),
                byte_range: 47..97,
                full_span: 47..97,
                line_range: 5..8,
                signature: Some(
                    "pub fn new() -> Self",
                ),
                metadata: Code {
                    visibility: Some(
                        "pub",
                    ),
                    doc_comment_range: None,
                    decorator_range: None,
                },
                name_byte_offset: 54,
                children: [],
                parent_name: Some(
                    "Foo",
                ),
                fs_name: None,
            },
        ],
        parent_name: None,
        fs_name: None,
    },
]
