---
source: plugins/coding/src/syntax/injection/tests.rs
expression: file
---
[
    Fragment {
        name: "preamble",
        kind: Preamble,
        byte_range: 0..57,
        signature: None,
        metadata: Code {
            visibility: None,
        },
        name_byte_offset: 0,
        children: [],
        parent_name: None,
        fs_name: None,
    },
]
