---
source: plugins/coding/src/syntax/injection/tests.rs
expression: file
---
[
    Fragment {
        name: "config",
        kind: Symbol(
            Module,
        ),
        byte_range: 0..73,
        signature: Some(
            "{% block config %}",
        ),
        metadata: Code {
            visibility: None,
        },
        name_byte_offset: 9,
        children: [],
        parent_name: None,
        fs_name: None,
    },
    Fragment {
        name: "server",
        kind: Symbol(
            Module,
        ),
        byte_range: 19..59,
        signature: Some(
            "[server]",
        ),
        metadata: Code {
            visibility: None,
        },
        name_byte_offset: 19,
        children: [],
        parent_name: None,
        fs_name: None,
    },
]
