---
source: plugins/coding/src/syntax/injection/tests.rs
expression: file.fragments
---
[
    Fragment {
        name: "config",
        kind: Symbol(
            Module,
        ),
        byte_range: 0..73,
        full_span: 0..73,
        line_range: 0..5,
        signature: Some(
            "{% block config %}",
        ),
        metadata: Code {
            visibility: None,
            doc_comment_range: None,
            decorator_range: None,
        },
        name_byte_offset: 9,
        children: [],
        parent_name: None,
        fs_name: None,
    },
    Fragment {
        name: "server",
        kind: Symbol(
            Module,
        ),
        byte_range: 19..59,
        full_span: 19..59,
        line_range: 1..5,
        signature: Some(
            "[server]",
        ),
        metadata: Code {
            visibility: None,
            doc_comment_range: None,
            decorator_range: None,
        },
        name_byte_offset: 19,
        children: [],
        parent_name: None,
        fs_name: None,
    },
]
