---
source: plugins/coding/src/syntax/injection/tests.rs
assertion_line: 24
expression: file
---
[
    Fragment {
        name: "title",
        kind: Symbol(
            Module,
        ),
        byte_range: 0..46,
        signature: Some(
            "{% block title %}",
        ),
        visibility: None,
        metadata: None,
        name_byte_offset: 9,
        children: [],
        parent_name: None,
        fs_name: None,
    },
    Fragment {
        name: "Hello World",
        kind: Section {
            level: 1,
        },
        byte_range: 18..32,
        signature: None,
        visibility: None,
        metadata: Some(
            Document {
                index: 0,
            },
        ),
        name_byte_offset: 18,
        children: [],
        parent_name: None,
        fs_name: None,
    },
]
