---
source: plugins/source/src/syntax/tests.rs
expression: "decompose(\"py\", \"@dataclass\\nclass Point:\\n    x: int\\n    y: int\\n\")"
---
[
    Fragment {
        name: "Point",
        kind: Symbol(
            Class,
        ),
        span: FragmentSpan {
            byte_range: 0..45,
            full_span: 0..45,
            name_byte_offset: 17,
        },
        signature: Some(
            "@dataclass",
        ),
        visibility: None,
        metadata: None,
        children: [
            Fragment {
                name: "decorators",
                kind: Decorator,
                span: FragmentSpan {
                    byte_range: 0..10,
                    full_span: 0..10,
                    name_byte_offset: 0,
                },
                signature: None,
                visibility: None,
                metadata: None,
                children: [],
                parent_name: Some(
                    "Point",
                ),
                fs_name: None,
            },
            Fragment {
                name: "x",
                kind: Symbol(
                    Variable,
                ),
                span: FragmentSpan {
                    byte_range: 28..34,
                    full_span: 28..34,
                    name_byte_offset: 28,
                },
                signature: Some(
                    "x: int",
                ),
                visibility: None,
                metadata: None,
                children: [],
                parent_name: Some(
                    "Point",
                ),
                fs_name: None,
            },
            Fragment {
                name: "y",
                kind: Symbol(
                    Variable,
                ),
                span: FragmentSpan {
                    byte_range: 39..45,
                    full_span: 39..45,
                    name_byte_offset: 39,
                },
                signature: Some(
                    "y: int",
                ),
                visibility: None,
                metadata: None,
                children: [],
                parent_name: Some(
                    "Point",
                ),
                fs_name: None,
            },
        ],
        parent_name: None,
        fs_name: None,
    },
]
