---
source: plugins/source/src/syntax/tests.rs
expression: "decompose(\"rs\", source)"
---
[
    Fragment {
        name: "Display_for_Foo",
        kind: Symbol(
            Impl,
        ),
        span: FragmentSpan {
            byte_range: 0..102,
            full_span: 0..102,
            name_byte_offset: 0,
        },
        signature: Some(
            "impl Display for Foo",
        ),
        visibility: None,
        metadata: None,
        children: [
            Fragment {
                name: "fmt",
                kind: Symbol(
                    Function,
                ),
                span: FragmentSpan {
                    byte_range: 27..100,
                    full_span: 27..100,
                    name_byte_offset: 30,
                },
                signature: Some(
                    "fn fmt(&self, f: &mut std::fmt::Formatter) -> std::fmt::Result",
                ),
                visibility: None,
                metadata: None,
                children: [],
                parent_name: Some(
                    "Display_for_Foo",
                ),
                fs_name: None,
            },
        ],
        parent_name: None,
        fs_name: None,
    },
]
