---
source: plugins/source/src/syntax/tests.rs
expression: "super::fragment::find_fragment_of_kind(&result, &FragmentKind::Imports)"
---
Some(
    Fragment {
        name: "imports",
        kind: Imports,
        span: FragmentSpan {
            byte_range: 0..26,
            full_span: 0..26,
            name_byte_offset: 0,
        },
        signature: None,
        visibility: None,
        metadata: None,
        children: [],
        parent_name: None,
        fs_name: None,
    },
)
