---
source: plugins/source/src/syntax/tests.rs
expression: "decompose(\"ts\", source)"
---
[
    Fragment {
        name: "greet",
        kind: Symbol(
            Function,
        ),
        span: FragmentSpan {
            byte_range: 0..81,
            full_span: 0..81,
            name_byte_offset: 16,
        },
        signature: Some(
            "export function greet(name: string): void",
        ),
        visibility: Some(
            "export",
        ),
        metadata: None,
        children: [],
        parent_name: None,
        fs_name: None,
    },
    Fragment {
        name: "Config",
        kind: Symbol(
            Interface,
        ),
        span: FragmentSpan {
            byte_range: 83..139,
            full_span: 83..139,
            name_byte_offset: 93,
        },
        signature: Some(
            "interface Config",
        ),
        visibility: None,
        metadata: None,
        children: [],
        parent_name: None,
        fs_name: None,
    },
]
