---
source: plugins/source/src/syntax/tests.rs
assertion_line: 112
expression: "decompose(\"tsx\", \"export function App() {\\n    return <div>Hello</div>;\\n}\\n\")"
---
[
    Fragment {
        name: "App",
        kind: Symbol(
            Function,
        ),
        byte_range: 0..54,
        signature: Some(
            "export function App()",
        ),
        visibility: Some(
            "export",
        ),
        metadata: None,
        name_byte_offset: 16,
        children: [],
        parent_name: None,
        fs_name: None,
    },
]
