---
source: plugins/source/src/syntax/tests.rs
expression: "decompose(\"ts\", \"class Greeter {\\n    greet() { return 'hi'; }\\n}\\n\")"
---
[
    Fragment {
        name: "Greeter",
        kind: Symbol(
            Class,
        ),
        span: FragmentSpan {
            byte_range: 0..46,
            full_span: 0..46,
            name_byte_offset: 6,
        },
        signature: Some(
            "class Greeter",
        ),
        visibility: None,
        metadata: None,
        children: [
            Fragment {
                name: "greet",
                kind: Symbol(
                    Function,
                ),
                span: FragmentSpan {
                    byte_range: 20..44,
                    full_span: 20..44,
                    name_byte_offset: 20,
                },
                signature: Some(
                    "greet()",
                ),
                visibility: None,
                metadata: None,
                children: [],
                parent_name: Some(
                    "Greeter",
                ),
                fs_name: None,
            },
        ],
        parent_name: None,
        fs_name: None,
    },
]
