---
source: plugins/source/src/syntax/tests.rs
assertion_line: 42
expression: "decompose(\"rs\", \"pub fn hello() {}\\n\")"
---
[
    Fragment {
        name: "hello",
        kind: Symbol(
            Function,
        ),
        byte_range: 0..17,
        signature: Some(
            "pub fn hello()",
        ),
        visibility: Some(
            "pub",
        ),
        metadata: None,
        name_byte_offset: 7,
        children: [],
        parent_name: None,
        fs_name: None,
    },
]
