---
source: plugins/source/src/syntax/tests.rs
expression: frags
---
[
    Fragment {
        name: "Getting Started",
        kind: Section {
            level: 1,
        },
        span: FragmentSpan {
            byte_range: 0..48,
            full_span: 0..48,
            name_byte_offset: 0,
        },
        signature: None,
        visibility: None,
        metadata: Some(
            Document {
                index: 0,
            },
        ),
        children: [
            Fragment {
                name: "Quick Setup",
                kind: Section {
                    level: 2,
                },
                span: FragmentSpan {
                    byte_range: 26..48,
                    full_span: 26..48,
                    name_byte_offset: 26,
                },
                signature: None,
                visibility: None,
                metadata: Some(
                    Document {
                        index: 0,
                    },
                ),
                children: [],
                parent_name: None,
                fs_name: Some(
                    "00-quick-setup",
                ),
            },
        ],
        parent_name: None,
        fs_name: Some(
            "00-getting-started",
        ),
    },
]
