---
source: plugins/source/src/syntax/tests.rs
expression: "decompose(\"rs\", source)"
---
[
    Fragment {
        name: "Foo",
        kind: Symbol(
            Struct,
        ),
        span: FragmentSpan {
            byte_range: 0..30,
            full_span: 0..30,
            name_byte_offset: 11,
        },
        signature: Some(
            "pub struct Foo",
        ),
        visibility: Some(
            "pub",
        ),
        metadata: None,
        children: [],
        parent_name: None,
        fs_name: None,
    },
    Fragment {
        name: "Foo",
        kind: Symbol(
            Impl,
        ),
        span: FragmentSpan {
            byte_range: 32..99,
            full_span: 32..99,
            name_byte_offset: 32,
        },
        signature: Some(
            "impl Foo",
        ),
        visibility: None,
        metadata: None,
        children: [
            Fragment {
                name: "new",
                kind: Symbol(
                    Function,
                ),
                span: FragmentSpan {
                    byte_range: 47..97,
                    full_span: 47..97,
                    name_byte_offset: 54,
                },
                signature: Some(
                    "pub fn new() -> Self",
                ),
                visibility: Some(
                    "pub",
                ),
                metadata: None,
                children: [],
                parent_name: Some(
                    "Foo",
                ),
                fs_name: None,
            },
        ],
        parent_name: None,
        fs_name: None,
    },
]
