---
source: plugins/coding/src/syntax/languages/jinja2/tests.rs
assertion_line: 295
expression: fragments
---
[
    Fragment {
        name: "title",
        kind: Symbol(
            Module,
        ),
        byte_range: 0..36,
        signature: Some(
            "{% block title %}",
        ),
        visibility: None,
        metadata: None,
        name_byte_offset: 9,
        children: [],
        parent_name: None,
        fs_name: None,
    },
    Fragment {
        name: "x",
        kind: Symbol(
            Variable,
        ),
        byte_range: 37..52,
        signature: Some(
            "{% set x = 1 %}",
        ),
        visibility: None,
        metadata: None,
        name_byte_offset: 44,
        children: [],
        parent_name: None,
        fs_name: None,
    },
]
