---
source: plugins/source/src/syntax/injection/tests.rs
assertion_line: 31
expression: file
---
[
    Fragment {
        name: "database",
        kind: Symbol(
            Module,
        ),
        byte_range: 29..57,
        signature: Some(
            "[database]",
        ),
        visibility: None,
        metadata: None,
        name_byte_offset: 29,
        children: [],
        parent_name: None,
        fs_name: None,
    },
    Fragment {
        name: "database",
        kind: Symbol(
            Module,
        ),
        byte_range: 68..95,
        signature: Some(
            "[database]",
        ),
        visibility: None,
        metadata: None,
        name_byte_offset: 68,
        children: [],
        parent_name: None,
        fs_name: None,
    },
]
