---
source: plugins/source/src/syntax/injection/tests.rs
expression: file
---
[
    Fragment {
        name: "config",
        kind: Symbol(
            Module,
        ),
        span: FragmentSpan {
            byte_range: 0..73,
            full_span: 0..73,
            name_byte_offset: 9,
        },
        signature: Some(
            "{% block config %}",
        ),
        visibility: None,
        metadata: None,
        children: [],
        parent_name: None,
        fs_name: None,
    },
    Fragment {
        name: "server",
        kind: Symbol(
            Module,
        ),
        span: FragmentSpan {
            byte_range: 19..59,
            full_span: 19..59,
            name_byte_offset: 19,
        },
        signature: Some(
            "[server]",
        ),
        visibility: None,
        metadata: None,
        children: [],
        parent_name: None,
        fs_name: None,
    },
]
