---
source: plugins/source/src/syntax/languages/jinja2/tests.rs
expression: fragments
---
[
    Fragment {
        name: "title",
        kind: Symbol(
            Module,
        ),
        span: FragmentSpan {
            byte_range: 0..36,
            full_span: 0..36,
            name_byte_offset: 9,
        },
        signature: Some(
            "{% block title %}",
        ),
        visibility: None,
        metadata: None,
        children: [],
        parent_name: None,
        fs_name: None,
    },
    Fragment {
        name: "x",
        kind: Symbol(
            Variable,
        ),
        span: FragmentSpan {
            byte_range: 37..52,
            full_span: 37..52,
            name_byte_offset: 44,
        },
        signature: Some(
            "{% set x = 1 %}",
        ),
        visibility: None,
        metadata: None,
        children: [],
        parent_name: None,
        fs_name: None,
    },
]
